// Vitest Snapshot v1, https://vitest.dev/guide/snapshot.html

exports[`Component - FormField > renders FormField component 1`] = `
<div>
  <div
    class="TextField"
  >
    <input
      id="name"
      name="name"
      role="textbox"
      type="text"
      value=""
    />
  </div>
</div>
`;
