// Vitest Snapshot v1, https://vitest.dev/guide/snapshot.html

exports[`Component - Checkbox > should render checkbox component 1`] = `
<div>
  <div
    class="Checkbox"
    role="checkbox"
  >
    <label>
      <input
        name="types"
        type="checkbox"
        value="check"
      />
      <span
        class=""
      >
        Check
      </span>
    </label>
    <label>
      <input
        name="types"
        type="checkbox"
        value="text"
      />
      <span
        class=""
      >
        Text
      </span>
    </label>
    <label>
      <input
        name="types"
        type="checkbox"
        value="select"
      />
      <span
        class=""
      >
        Select
      </span>
    </label>
  </div>
</div>
`;
